20-May-2026 08:10:12.503 INFO [main] org.apache.catalina.startup.VersionLoggerListener.log Server version name:   Apache Tomcat/10.1.18
20-May-2026 08:10:12.507 INFO [main] org.apache.catalina.startup.VersionLoggerListener.log Server built:          Jan 5 2024 14:39:40 UTC
20-May-2026 08:10:12.508 INFO [main] org.apache.catalina.startup.VersionLoggerListener.log Server version number: 10.1.18.0
20-May-2026 08:10:12.508 INFO [main] org.apache.catalina.startup.VersionLoggerListener.log OS Name:               Windows 11
20-May-2026 08:10:12.508 INFO [main] org.apache.catalina.startup.VersionLoggerListener.log OS Version:            10.0
20-May-2026 08:10:12.508 INFO [main] org.apache.catalina.startup.VersionLoggerListener.log Architecture:          amd64
20-May-2026 08:10:12.509 INFO [main] org.apache.catalina.startup.VersionLoggerListener.log Java Home:             C:\Program Files\Java\jdk-17
20-May-2026 08:10:12.509 INFO [main] org.apache.catalina.startup.VersionLoggerListener.log JVM Version:           17.0.9+11-LTS-201
20-May-2026 08:10:12.509 INFO [main] org.apache.catalina.startup.VersionLoggerListener.log JVM Vendor:            Oracle Corporation
20-May-2026 08:10:12.509 INFO [main] org.apache.catalina.startup.VersionLoggerListener.log CATALINA_BASE:         C:\Users\NGUYENLONG\Downloads\webPhim\apache-tomcat-10.1.18
20-May-2026 08:10:12.509 INFO [main] org.apache.catalina.startup.VersionLoggerListener.log CATALINA_HOME:         C:\Users\NGUYENLONG\Downloads\webPhim\apache-tomcat-10.1.18
20-May-2026 08:10:12.522 INFO [main] org.apache.catalina.startup.VersionLoggerListener.log Command line argument: -Djava.util.logging.config.file=C:\Users\NGUYENLONG\Downloads\webPhim\apache-tomcat-10.1.18\conf\logging.properties
20-May-2026 08:10:12.522 INFO [main] org.apache.catalina.startup.VersionLoggerListener.log Command line argument: -Djava.util.logging.manager=org.apache.juli.ClassLoaderLogManager
20-May-2026 08:10:12.523 INFO [main] org.apache.catalina.startup.VersionLoggerListener.log Command line argument: -Djdk.tls.ephemeralDHKeySize=2048
20-May-2026 08:10:12.523 INFO [main] org.apache.catalina.startup.VersionLoggerListener.log Command line argument: -Djava.protocol.handler.pkgs=org.apache.catalina.webresources
20-May-2026 08:10:12.523 INFO [main] org.apache.catalina.startup.VersionLoggerListener.log Command line argument: --add-opens=java.base/java.lang=ALL-UNNAMED
20-May-2026 08:10:12.523 INFO [main] org.apache.catalina.startup.VersionLoggerListener.log Command line argument: --add-opens=java.base/java.io=ALL-UNNAMED
20-May-2026 08:10:12.523 INFO [main] org.apache.catalina.startup.VersionLoggerListener.log Command line argument: --add-opens=java.base/java.util=ALL-UNNAMED
20-May-2026 08:10:12.523 INFO [main] org.apache.catalina.startup.VersionLoggerListener.log Command line argument: --add-opens=java.base/java.util.concurrent=ALL-UNNAMED
20-May-2026 08:10:12.524 INFO [main] org.apache.catalina.startup.VersionLoggerListener.log Command line argument: --add-opens=java.rmi/sun.rmi.transport=ALL-UNNAMED
20-May-2026 08:10:12.524 INFO [main] org.apache.catalina.startup.VersionLoggerListener.log Command line argument: -Dcatalina.base=C:\Users\NGUYENLONG\Downloads\webPhim\apache-tomcat-10.1.18
20-May-2026 08:10:12.524 INFO [main] org.apache.catalina.startup.VersionLoggerListener.log Command line argument: -Dcatalina.home=C:\Users\NGUYENLONG\Downloads\webPhim\apache-tomcat-10.1.18
20-May-2026 08:10:12.524 INFO [main] org.apache.catalina.startup.VersionLoggerListener.log Command line argument: -Djava.io.tmpdir=C:\Users\NGUYENLONG\Downloads\webPhim\apache-tomcat-10.1.18\temp
20-May-2026 08:10:12.528 INFO [main] org.apache.catalina.core.AprLifecycleListener.lifecycleEvent The Apache Tomcat Native library which allows using OpenSSL was not found on the java.library.path: [C:\Program Files\Java\jdk-17\bin;C:\WINDOWS\Sun\Java\bin;C:\WINDOWS\system32;C:\WINDOWS;D:\Microsoft VS Code\bin;D:\Microsoft VS Code;C:\Program Files\Common Files\Oracle\Java\javapath;C:\WINDOWS\system32;C:\WINDOWS;C:\WINDOWS\System32\Wbem;C:\WINDOWS\System32\WindowsPowerShell\v1.0\;C:\WINDOWS\System32\OpenSSH\;C:\Program Files (x86)\Microsoft SQL Server\160\Tools\Binn\;C:\Program Files\Microsoft SQL Server\160\Tools\Binn\;C:\Program Files\Microsoft SQL Server\Client SDK\ODBC\170\Tools\Binn\;C:\Program Files\Microsoft SQL Server\160\DTS\Binn\;C:\Program Files (x86)\Microsoft SQL Server\160\DTS\Binn\;C:\Program Files\Docker\Docker\resources\bin;D:\code\Git\cmd;C:\Users\NGUYENLONG\.local\bin;C:\Users\NGUYENLONG\AppData\Local\Microsoft\WindowsApps;D:\Microsoft VS Code\bin;C:\Program Files\Azure Data Studio\bin;C:\Program Files\Azure Data Studio\bin;D:\cursor\resources\app\bin;.]
20-May-2026 08:10:12.714 INFO [main] org.apache.coyote.AbstractProtocol.init Initializing ProtocolHandler ["http-nio-8080"]
20-May-2026 08:10:12.754 INFO [main] org.apache.catalina.startup.Catalina.load Server initialization in [394] milliseconds
20-May-2026 08:10:12.890 INFO [main] org.apache.catalina.core.StandardService.startInternal Starting service [Catalina]
20-May-2026 08:10:12.890 INFO [main] org.apache.catalina.core.StandardEngine.startInternal Starting Servlet engine: [Apache Tomcat/10.1.18]
20-May-2026 08:10:12.942 INFO [main] org.apache.catalina.startup.HostConfig.deployWAR Deploying web application archive [C:\Users\NGUYENLONG\Downloads\webPhim\apache-tomcat-10.1.18\webapps\webphim.war]
20-May-2026 08:10:13.415 INFO [main] org.apache.jasper.servlet.TldScanner.scanJars At least one JAR was scanned for TLDs yet contained no TLDs. Enable debug logging for this logger for a complete list of JARs that were scanned but no TLDs were found in them. Skipping unneeded JARs during scanning can improve startup time and JSP compilation time.
20-May-2026 08:10:13.496 INFO [main] org.apache.catalina.startup.HostConfig.deployWAR Deployment of web application archive [C:\Users\NGUYENLONG\Downloads\webPhim\apache-tomcat-10.1.18\webapps\webphim.war] has finished in [554] ms
20-May-2026 08:10:13.498 INFO [main] org.apache.catalina.startup.HostConfig.deployDirectory Deploying web application directory [C:\Users\NGUYENLONG\Downloads\webPhim\apache-tomcat-10.1.18\webapps\docs]
20-May-2026 08:10:13.532 INFO [main] org.apache.catalina.startup.HostConfig.deployDirectory Deployment of web application directory [C:\Users\NGUYENLONG\Downloads\webPhim\apache-tomcat-10.1.18\webapps\docs] has finished in [34] ms
20-May-2026 08:10:13.532 INFO [main] org.apache.catalina.startup.HostConfig.deployDirectory Deploying web application directory [C:\Users\NGUYENLONG\Downloads\webPhim\apache-tomcat-10.1.18\webapps\examples]
20-May-2026 08:10:13.826 INFO [main] org.apache.catalina.startup.HostConfig.deployDirectory Deployment of web application directory [C:\Users\NGUYENLONG\Downloads\webPhim\apache-tomcat-10.1.18\webapps\examples] has finished in [294] ms
20-May-2026 08:10:13.826 INFO [main] org.apache.catalina.startup.HostConfig.deployDirectory Deploying web application directory [C:\Users\NGUYENLONG\Downloads\webPhim\apache-tomcat-10.1.18\webapps\host-manager]
20-May-2026 08:10:13.861 INFO [main] org.apache.catalina.startup.HostConfig.deployDirectory Deployment of web application directory [C:\Users\NGUYENLONG\Downloads\webPhim\apache-tomcat-10.1.18\webapps\host-manager] has finished in [35] ms
20-May-2026 08:10:13.861 INFO [main] org.apache.catalina.startup.HostConfig.deployDirectory Deploying web application directory [C:\Users\NGUYENLONG\Downloads\webPhim\apache-tomcat-10.1.18\webapps\manager]
20-May-2026 08:10:13.894 INFO [main] org.apache.catalina.startup.HostConfig.deployDirectory Deployment of web application directory [C:\Users\NGUYENLONG\Downloads\webPhim\apache-tomcat-10.1.18\webapps\manager] has finished in [33] ms
20-May-2026 08:10:13.895 INFO [main] org.apache.catalina.startup.HostConfig.deployDirectory Deploying web application directory [C:\Users\NGUYENLONG\Downloads\webPhim\apache-tomcat-10.1.18\webapps\ROOT]
20-May-2026 08:10:13.916 INFO [main] org.apache.catalina.startup.HostConfig.deployDirectory Deployment of web application directory [C:\Users\NGUYENLONG\Downloads\webPhim\apache-tomcat-10.1.18\webapps\ROOT] has finished in [21] ms
20-May-2026 08:10:13.922 INFO [main] org.apache.coyote.AbstractProtocol.start Starting ProtocolHandler ["http-nio-8080"]
20-May-2026 08:10:13.965 INFO [main] org.apache.catalina.startup.Catalina.start Server startup in [1210] milliseconds
20-May-2026 08:21:40.252 INFO [main] org.apache.catalina.startup.VersionLoggerListener.log Server version name:   Apache Tomcat/10.1.18
20-May-2026 08:21:40.256 INFO [main] org.apache.catalina.startup.VersionLoggerListener.log Server built:          Jan 5 2024 14:39:40 UTC
20-May-2026 08:21:40.257 INFO [main] org.apache.catalina.startup.VersionLoggerListener.log Server version number: 10.1.18.0
20-May-2026 08:21:40.257 INFO [main] org.apache.catalina.startup.VersionLoggerListener.log OS Name:               Windows 11
20-May-2026 08:21:40.258 INFO [main] org.apache.catalina.startup.VersionLoggerListener.log OS Version:            10.0
20-May-2026 08:21:40.258 INFO [main] org.apache.catalina.startup.VersionLoggerListener.log Architecture:          amd64
20-May-2026 08:21:40.258 INFO [main] org.apache.catalina.startup.VersionLoggerListener.log Java Home:             C:\Program Files\Java\jdk-17
20-May-2026 08:21:40.259 INFO [main] org.apache.catalina.startup.VersionLoggerListener.log JVM Version:           17.0.9+11-LTS-201
20-May-2026 08:21:40.259 INFO [main] org.apache.catalina.startup.VersionLoggerListener.log JVM Vendor:            Oracle Corporation
20-May-2026 08:21:40.259 INFO [main] org.apache.catalina.startup.VersionLoggerListener.log CATALINA_BASE:         C:\Users\NGUYENLONG\Downloads\webPhim\apache-tomcat-10.1.18
20-May-2026 08:21:40.259 INFO [main] org.apache.catalina.startup.VersionLoggerListener.log CATALINA_HOME:         C:\Users\NGUYENLONG\Downloads\webPhim\apache-tomcat-10.1.18
20-May-2026 08:21:40.265 INFO [main] org.apache.catalina.startup.VersionLoggerListener.log Command line argument: -Djava.util.logging.config.file=C:\Users\NGUYENLONG\Downloads\webPhim\apache-tomcat-10.1.18\conf\logging.properties
20-May-2026 08:21:40.265 INFO [main] org.apache.catalina.startup.VersionLoggerListener.log Command line argument: -Djava.util.logging.manager=org.apache.juli.ClassLoaderLogManager
20-May-2026 08:21:40.266 INFO [main] org.apache.catalina.startup.VersionLoggerListener.log Command line argument: -Djdk.tls.ephemeralDHKeySize=2048
20-May-2026 08:21:40.266 INFO [main] org.apache.catalina.startup.VersionLoggerListener.log Command line argument: -Djava.protocol.handler.pkgs=org.apache.catalina.webresources
20-May-2026 08:21:40.266 INFO [main] org.apache.catalina.startup.VersionLoggerListener.log Command line argument: --add-opens=java.base/java.lang=ALL-UNNAMED
20-May-2026 08:21:40.266 INFO [main] org.apache.catalina.startup.VersionLoggerListener.log Command line argument: --add-opens=java.base/java.io=ALL-UNNAMED
20-May-2026 08:21:40.266 INFO [main] org.apache.catalina.startup.VersionLoggerListener.log Command line argument: --add-opens=java.base/java.util=ALL-UNNAMED
20-May-2026 08:21:40.266 INFO [main] org.apache.catalina.startup.VersionLoggerListener.log Command line argument: --add-opens=java.base/java.util.concurrent=ALL-UNNAMED
20-May-2026 08:21:40.267 INFO [main] org.apache.catalina.startup.VersionLoggerListener.log Command line argument: --add-opens=java.rmi/sun.rmi.transport=ALL-UNNAMED
20-May-2026 08:21:40.267 INFO [main] org.apache.catalina.startup.VersionLoggerListener.log Command line argument: -Dcatalina.base=C:\Users\NGUYENLONG\Downloads\webPhim\apache-tomcat-10.1.18
20-May-2026 08:21:40.267 INFO [main] org.apache.catalina.startup.VersionLoggerListener.log Command line argument: -Dcatalina.home=C:\Users\NGUYENLONG\Downloads\webPhim\apache-tomcat-10.1.18
20-May-2026 08:21:40.267 INFO [main] org.apache.catalina.startup.VersionLoggerListener.log Command line argument: -Djava.io.tmpdir=C:\Users\NGUYENLONG\Downloads\webPhim\apache-tomcat-10.1.18\temp
20-May-2026 08:21:40.271 INFO [main] org.apache.catalina.core.AprLifecycleListener.lifecycleEvent The Apache Tomcat Native library which allows using OpenSSL was not found on the java.library.path: [C:\Program Files\Java\jdk-17\bin;C:\WINDOWS\Sun\Java\bin;C:\WINDOWS\system32;C:\WINDOWS;D:\Microsoft VS Code\bin;D:\Microsoft VS Code;C:\Program Files\Common Files\Oracle\Java\javapath;C:\WINDOWS\system32;C:\WINDOWS;C:\WINDOWS\System32\Wbem;C:\WINDOWS\System32\WindowsPowerShell\v1.0\;C:\WINDOWS\System32\OpenSSH\;C:\Program Files (x86)\Microsoft SQL Server\160\Tools\Binn\;C:\Program Files\Microsoft SQL Server\160\Tools\Binn\;C:\Program Files\Microsoft SQL Server\Client SDK\ODBC\170\Tools\Binn\;C:\Program Files\Microsoft SQL Server\160\DTS\Binn\;C:\Program Files (x86)\Microsoft SQL Server\160\DTS\Binn\;C:\Program Files\Docker\Docker\resources\bin;D:\code\Git\cmd;C:\Users\NGUYENLONG\.local\bin;C:\Users\NGUYENLONG\AppData\Local\Microsoft\WindowsApps;D:\Microsoft VS Code\bin;C:\Program Files\Azure Data Studio\bin;C:\Program Files\Azure Data Studio\bin;D:\cursor\resources\app\bin;.]
20-May-2026 08:21:40.436 INFO [main] org.apache.coyote.AbstractProtocol.init Initializing ProtocolHandler ["http-nio-8888"]
20-May-2026 08:21:40.463 INFO [main] org.apache.catalina.startup.Catalina.load Server initialization in [343] milliseconds
20-May-2026 08:21:40.548 INFO [main] org.apache.catalina.core.StandardService.startInternal Starting service [Catalina]
20-May-2026 08:21:40.548 INFO [main] org.apache.catalina.core.StandardEngine.startInternal Starting Servlet engine: [Apache Tomcat/10.1.18]
20-May-2026 08:21:40.574 INFO [main] org.apache.catalina.startup.HostConfig.deployWAR Deploying web application archive [C:\Users\NGUYENLONG\Downloads\webPhim\apache-tomcat-10.1.18\webapps\webphim.war]
20-May-2026 08:21:40.975 INFO [main] org.apache.jasper.servlet.TldScanner.scanJars At least one JAR was scanned for TLDs yet contained no TLDs. Enable debug logging for this logger for a complete list of JARs that were scanned but no TLDs were found in them. Skipping unneeded JARs during scanning can improve startup time and JSP compilation time.
20-May-2026 08:21:41.044 INFO [main] org.apache.catalina.startup.HostConfig.deployWAR Deployment of web application archive [C:\Users\NGUYENLONG\Downloads\webPhim\apache-tomcat-10.1.18\webapps\webphim.war] has finished in [469] ms
20-May-2026 08:21:41.045 INFO [main] org.apache.catalina.startup.HostConfig.deployDirectory Deploying web application directory [C:\Users\NGUYENLONG\Downloads\webPhim\apache-tomcat-10.1.18\webapps\docs]
20-May-2026 08:21:41.094 INFO [main] org.apache.catalina.startup.HostConfig.deployDirectory Deployment of web application directory [C:\Users\NGUYENLONG\Downloads\webPhim\apache-tomcat-10.1.18\webapps\docs] has finished in [48] ms
20-May-2026 08:21:41.094 INFO [main] org.apache.catalina.startup.HostConfig.deployDirectory Deploying web application directory [C:\Users\NGUYENLONG\Downloads\webPhim\apache-tomcat-10.1.18\webapps\examples]
20-May-2026 08:21:41.372 INFO [main] org.apache.catalina.startup.HostConfig.deployDirectory Deployment of web application directory [C:\Users\NGUYENLONG\Downloads\webPhim\apache-tomcat-10.1.18\webapps\examples] has finished in [277] ms
20-May-2026 08:21:41.372 INFO [main] org.apache.catalina.startup.HostConfig.deployDirectory Deploying web application directory [C:\Users\NGUYENLONG\Downloads\webPhim\apache-tomcat-10.1.18\webapps\host-manager]
20-May-2026 08:21:41.400 INFO [main] org.apache.catalina.startup.HostConfig.deployDirectory Deployment of web application directory [C:\Users\NGUYENLONG\Downloads\webPhim\apache-tomcat-10.1.18\webapps\host-manager] has finished in [28] ms
20-May-2026 08:21:41.401 INFO [main] org.apache.catalina.startup.HostConfig.deployDirectory Deploying web application directory [C:\Users\NGUYENLONG\Downloads\webPhim\apache-tomcat-10.1.18\webapps\manager]
20-May-2026 08:21:41.429 INFO [main] org.apache.catalina.startup.HostConfig.deployDirectory Deployment of web application directory [C:\Users\NGUYENLONG\Downloads\webPhim\apache-tomcat-10.1.18\webapps\manager] has finished in [27] ms
20-May-2026 08:21:41.429 INFO [main] org.apache.catalina.startup.HostConfig.deployDirectory Deploying web application directory [C:\Users\NGUYENLONG\Downloads\webPhim\apache-tomcat-10.1.18\webapps\ROOT]
20-May-2026 08:21:41.449 INFO [main] org.apache.catalina.startup.HostConfig.deployDirectory Deployment of web application directory [C:\Users\NGUYENLONG\Downloads\webPhim\apache-tomcat-10.1.18\webapps\ROOT] has finished in [20] ms
20-May-2026 08:21:41.453 INFO [main] org.apache.coyote.AbstractProtocol.start Starting ProtocolHandler ["http-nio-8888"]
20-May-2026 08:21:41.490 INFO [main] org.apache.catalina.startup.Catalina.start Server startup in [1027] milliseconds
20-May-2026 08:31:56.533 INFO [main] org.apache.catalina.startup.VersionLoggerListener.log Server version name:   Apache Tomcat/10.1.18
20-May-2026 08:31:56.538 INFO [main] org.apache.catalina.startup.VersionLoggerListener.log Server built:          Jan 5 2024 14:39:40 UTC
20-May-2026 08:31:56.539 INFO [main] org.apache.catalina.startup.VersionLoggerListener.log Server version number: 10.1.18.0
20-May-2026 08:31:56.539 INFO [main] org.apache.catalina.startup.VersionLoggerListener.log OS Name:               Windows 11
20-May-2026 08:31:56.540 INFO [main] org.apache.catalina.startup.VersionLoggerListener.log OS Version:            10.0
20-May-2026 08:31:56.540 INFO [main] org.apache.catalina.startup.VersionLoggerListener.log Architecture:          amd64
20-May-2026 08:31:56.540 INFO [main] org.apache.catalina.startup.VersionLoggerListener.log Java Home:             C:\Program Files\Java\jdk-17
20-May-2026 08:31:56.540 INFO [main] org.apache.catalina.startup.VersionLoggerListener.log JVM Version:           17.0.9+11-LTS-201
20-May-2026 08:31:56.541 INFO [main] org.apache.catalina.startup.VersionLoggerListener.log JVM Vendor:            Oracle Corporation
20-May-2026 08:31:56.541 INFO [main] org.apache.catalina.startup.VersionLoggerListener.log CATALINA_BASE:         C:\Users\NGUYENLONG\Downloads\webPhim\apache-tomcat-10.1.18
20-May-2026 08:31:56.541 INFO [main] org.apache.catalina.startup.VersionLoggerListener.log CATALINA_HOME:         C:\Users\NGUYENLONG\Downloads\webPhim\apache-tomcat-10.1.18
20-May-2026 08:31:56.549 INFO [main] org.apache.catalina.startup.VersionLoggerListener.log Command line argument: -Djava.util.logging.config.file=C:\Users\NGUYENLONG\Downloads\webPhim\apache-tomcat-10.1.18\conf\logging.properties
20-May-2026 08:31:56.549 INFO [main] org.apache.catalina.startup.VersionLoggerListener.log Command line argument: -Djava.util.logging.manager=org.apache.juli.ClassLoaderLogManager
20-May-2026 08:31:56.549 INFO [main] org.apache.catalina.startup.VersionLoggerListener.log Command line argument: -Djdk.tls.ephemeralDHKeySize=2048
20-May-2026 08:31:56.549 INFO [main] org.apache.catalina.startup.VersionLoggerListener.log Command line argument: -Djava.protocol.handler.pkgs=org.apache.catalina.webresources
20-May-2026 08:31:56.550 INFO [main] org.apache.catalina.startup.VersionLoggerListener.log Command line argument: --add-opens=java.base/java.lang=ALL-UNNAMED
20-May-2026 08:31:56.550 INFO [main] org.apache.catalina.startup.VersionLoggerListener.log Command line argument: --add-opens=java.base/java.io=ALL-UNNAMED
20-May-2026 08:31:56.550 INFO [main] org.apache.catalina.startup.VersionLoggerListener.log Command line argument: --add-opens=java.base/java.util=ALL-UNNAMED
20-May-2026 08:31:56.550 INFO [main] org.apache.catalina.startup.VersionLoggerListener.log Command line argument: --add-opens=java.base/java.util.concurrent=ALL-UNNAMED
20-May-2026 08:31:56.551 INFO [main] org.apache.catalina.startup.VersionLoggerListener.log Command line argument: --add-opens=java.rmi/sun.rmi.transport=ALL-UNNAMED
20-May-2026 08:31:56.551 INFO [main] org.apache.catalina.startup.VersionLoggerListener.log Command line argument: -Dcatalina.base=C:\Users\NGUYENLONG\Downloads\webPhim\apache-tomcat-10.1.18
20-May-2026 08:31:56.551 INFO [main] org.apache.catalina.startup.VersionLoggerListener.log Command line argument: -Dcatalina.home=C:\Users\NGUYENLONG\Downloads\webPhim\apache-tomcat-10.1.18
20-May-2026 08:31:56.551 INFO [main] org.apache.catalina.startup.VersionLoggerListener.log Command line argument: -Djava.io.tmpdir=C:\Users\NGUYENLONG\Downloads\webPhim\apache-tomcat-10.1.18\temp
20-May-2026 08:31:56.556 INFO [main] org.apache.catalina.core.AprLifecycleListener.lifecycleEvent The Apache Tomcat Native library which allows using OpenSSL was not found on the java.library.path: [C:\Program Files\Java\jdk-17\bin;C:\WINDOWS\Sun\Java\bin;C:\WINDOWS\system32;C:\WINDOWS;D:\Microsoft VS Code\bin;D:\Microsoft VS Code;C:\Program Files\Common Files\Oracle\Java\javapath;C:\WINDOWS\system32;C:\WINDOWS;C:\WINDOWS\System32\Wbem;C:\WINDOWS\System32\WindowsPowerShell\v1.0\;C:\WINDOWS\System32\OpenSSH\;C:\Program Files (x86)\Microsoft SQL Server\160\Tools\Binn\;C:\Program Files\Microsoft SQL Server\160\Tools\Binn\;C:\Program Files\Microsoft SQL Server\Client SDK\ODBC\170\Tools\Binn\;C:\Program Files\Microsoft SQL Server\160\DTS\Binn\;C:\Program Files (x86)\Microsoft SQL Server\160\DTS\Binn\;C:\Program Files\Docker\Docker\resources\bin;D:\code\Git\cmd;C:\Users\NGUYENLONG\.local\bin;C:\Users\NGUYENLONG\AppData\Local\Microsoft\WindowsApps;D:\Microsoft VS Code\bin;C:\Program Files\Azure Data Studio\bin;C:\Program Files\Azure Data Studio\bin;D:\cursor\resources\app\bin;.]
20-May-2026 08:31:56.744 INFO [main] org.apache.coyote.AbstractProtocol.init Initializing ProtocolHandler ["http-nio-8888"]
20-May-2026 08:31:56.770 INFO [main] org.apache.catalina.startup.Catalina.load Server initialization in [381] milliseconds
20-May-2026 08:31:56.830 INFO [main] org.apache.catalina.core.StandardService.startInternal Starting service [Catalina]
20-May-2026 08:31:56.830 INFO [main] org.apache.catalina.core.StandardEngine.startInternal Starting Servlet engine: [Apache Tomcat/10.1.18]
20-May-2026 08:31:56.866 INFO [main] org.apache.catalina.startup.HostConfig.deployWAR Deploying web application archive [C:\Users\NGUYENLONG\Downloads\webPhim\apache-tomcat-10.1.18\webapps\webphim.war]
20-May-2026 08:31:57.245 INFO [main] org.apache.jasper.servlet.TldScanner.scanJars At least one JAR was scanned for TLDs yet contained no TLDs. Enable debug logging for this logger for a complete list of JARs that were scanned but no TLDs were found in them. Skipping unneeded JARs during scanning can improve startup time and JSP compilation time.
20-May-2026 08:31:57.316 INFO [main] org.apache.catalina.startup.HostConfig.deployWAR Deployment of web application archive [C:\Users\NGUYENLONG\Downloads\webPhim\apache-tomcat-10.1.18\webapps\webphim.war] has finished in [449] ms
20-May-2026 08:31:57.317 INFO [main] org.apache.catalina.startup.HostConfig.deployDirectory Deploying web application directory [C:\Users\NGUYENLONG\Downloads\webPhim\apache-tomcat-10.1.18\webapps\docs]
20-May-2026 08:31:57.350 INFO [main] org.apache.catalina.startup.HostConfig.deployDirectory Deployment of web application directory [C:\Users\NGUYENLONG\Downloads\webPhim\apache-tomcat-10.1.18\webapps\docs] has finished in [33] ms
20-May-2026 08:31:57.350 INFO [main] org.apache.catalina.startup.HostConfig.deployDirectory Deploying web application directory [C:\Users\NGUYENLONG\Downloads\webPhim\apache-tomcat-10.1.18\webapps\examples]
20-May-2026 08:31:57.667 INFO [main] org.apache.catalina.startup.HostConfig.deployDirectory Deployment of web application directory [C:\Users\NGUYENLONG\Downloads\webPhim\apache-tomcat-10.1.18\webapps\examples] has finished in [317] ms
20-May-2026 08:31:57.669 INFO [main] org.apache.catalina.startup.HostConfig.deployDirectory Deploying web application directory [C:\Users\NGUYENLONG\Downloads\webPhim\apache-tomcat-10.1.18\webapps\host-manager]
20-May-2026 08:31:57.705 INFO [main] org.apache.catalina.startup.HostConfig.deployDirectory Deployment of web application directory [C:\Users\NGUYENLONG\Downloads\webPhim\apache-tomcat-10.1.18\webapps\host-manager] has finished in [38] ms
20-May-2026 08:31:57.707 INFO [main] org.apache.catalina.startup.HostConfig.deployDirectory Deploying web application directory [C:\Users\NGUYENLONG\Downloads\webPhim\apache-tomcat-10.1.18\webapps\manager]
20-May-2026 08:31:57.738 INFO [main] org.apache.catalina.startup.HostConfig.deployDirectory Deployment of web application directory [C:\Users\NGUYENLONG\Downloads\webPhim\apache-tomcat-10.1.18\webapps\manager] has finished in [30] ms
20-May-2026 08:31:57.739 INFO [main] org.apache.catalina.startup.HostConfig.deployDirectory Deploying web application directory [C:\Users\NGUYENLONG\Downloads\webPhim\apache-tomcat-10.1.18\webapps\ROOT]
20-May-2026 08:31:57.762 INFO [main] org.apache.catalina.startup.HostConfig.deployDirectory Deployment of web application directory [C:\Users\NGUYENLONG\Downloads\webPhim\apache-tomcat-10.1.18\webapps\ROOT] has finished in [23] ms
20-May-2026 08:31:57.769 INFO [main] org.apache.coyote.AbstractProtocol.start Starting ProtocolHandler ["http-nio-8888"]
20-May-2026 08:31:57.815 INFO [main] org.apache.catalina.startup.Catalina.start Server startup in [1044] milliseconds
20-May-2026 09:10:55.541 INFO [main] org.apache.catalina.startup.VersionLoggerListener.log Server version name:   Apache Tomcat/10.1.18
20-May-2026 09:10:55.544 INFO [main] org.apache.catalina.startup.VersionLoggerListener.log Server built:          Jan 5 2024 14:39:40 UTC
20-May-2026 09:10:55.545 INFO [main] org.apache.catalina.startup.VersionLoggerListener.log Server version number: 10.1.18.0
20-May-2026 09:10:55.546 INFO [main] org.apache.catalina.startup.VersionLoggerListener.log OS Name:               Windows 11
20-May-2026 09:10:55.546 INFO [main] org.apache.catalina.startup.VersionLoggerListener.log OS Version:            10.0
20-May-2026 09:10:55.546 INFO [main] org.apache.catalina.startup.VersionLoggerListener.log Architecture:          amd64
20-May-2026 09:10:55.547 INFO [main] org.apache.catalina.startup.VersionLoggerListener.log Java Home:             C:\Program Files\Java\jdk-17
20-May-2026 09:10:55.547 INFO [main] org.apache.catalina.startup.VersionLoggerListener.log JVM Version:           17.0.9+11-LTS-201
20-May-2026 09:10:55.547 INFO [main] org.apache.catalina.startup.VersionLoggerListener.log JVM Vendor:            Oracle Corporation
20-May-2026 09:10:55.547 INFO [main] org.apache.catalina.startup.VersionLoggerListener.log CATALINA_BASE:         C:\Users\NGUYENLONG\Downloads\webPhim\apache-tomcat-10.1.18
20-May-2026 09:10:55.548 INFO [main] org.apache.catalina.startup.VersionLoggerListener.log CATALINA_HOME:         C:\Users\NGUYENLONG\Downloads\webPhim\apache-tomcat-10.1.18
20-May-2026 09:10:55.556 INFO [main] org.apache.catalina.startup.VersionLoggerListener.log Command line argument: -Djava.util.logging.config.file=C:\Users\NGUYENLONG\Downloads\webPhim\apache-tomcat-10.1.18\conf\logging.properties
20-May-2026 09:10:55.557 INFO [main] org.apache.catalina.startup.VersionLoggerListener.log Command line argument: -Djava.util.logging.manager=org.apache.juli.ClassLoaderLogManager
20-May-2026 09:10:55.557 INFO [main] org.apache.catalina.startup.VersionLoggerListener.log Command line argument: -Djdk.tls.ephemeralDHKeySize=2048
20-May-2026 09:10:55.557 INFO [main] org.apache.catalina.startup.VersionLoggerListener.log Command line argument: -Djava.protocol.handler.pkgs=org.apache.catalina.webresources
20-May-2026 09:10:55.557 INFO [main] org.apache.catalina.startup.VersionLoggerListener.log Command line argument: --add-opens=java.base/java.lang=ALL-UNNAMED
20-May-2026 09:10:55.557 INFO [main] org.apache.catalina.startup.VersionLoggerListener.log Command line argument: --add-opens=java.base/java.io=ALL-UNNAMED
20-May-2026 09:10:55.557 INFO [main] org.apache.catalina.startup.VersionLoggerListener.log Command line argument: --add-opens=java.base/java.util=ALL-UNNAMED
20-May-2026 09:10:55.557 INFO [main] org.apache.catalina.startup.VersionLoggerListener.log Command line argument: --add-opens=java.base/java.util.concurrent=ALL-UNNAMED
20-May-2026 09:10:55.557 INFO [main] org.apache.catalina.startup.VersionLoggerListener.log Command line argument: --add-opens=java.rmi/sun.rmi.transport=ALL-UNNAMED
20-May-2026 09:10:55.558 INFO [main] org.apache.catalina.startup.VersionLoggerListener.log Command line argument: -Dcatalina.base=C:\Users\NGUYENLONG\Downloads\webPhim\apache-tomcat-10.1.18
20-May-2026 09:10:55.558 INFO [main] org.apache.catalina.startup.VersionLoggerListener.log Command line argument: -Dcatalina.home=C:\Users\NGUYENLONG\Downloads\webPhim\apache-tomcat-10.1.18
20-May-2026 09:10:55.558 INFO [main] org.apache.catalina.startup.VersionLoggerListener.log Command line argument: -Djava.io.tmpdir=C:\Users\NGUYENLONG\Downloads\webPhim\apache-tomcat-10.1.18\temp
20-May-2026 09:10:55.562 INFO [main] org.apache.catalina.core.AprLifecycleListener.lifecycleEvent The Apache Tomcat Native library which allows using OpenSSL was not found on the java.library.path: [C:\Program Files\Java\jdk-17\bin;C:\WINDOWS\Sun\Java\bin;C:\WINDOWS\system32;C:\WINDOWS;D:\Microsoft VS Code\bin;D:\Microsoft VS Code;C:\Program Files\Common Files\Oracle\Java\javapath;C:\WINDOWS\system32;C:\WINDOWS;C:\WINDOWS\System32\Wbem;C:\WINDOWS\System32\WindowsPowerShell\v1.0\;C:\WINDOWS\System32\OpenSSH\;C:\Program Files (x86)\Microsoft SQL Server\160\Tools\Binn\;C:\Program Files\Microsoft SQL Server\160\Tools\Binn\;C:\Program Files\Microsoft SQL Server\Client SDK\ODBC\170\Tools\Binn\;C:\Program Files\Microsoft SQL Server\160\DTS\Binn\;C:\Program Files (x86)\Microsoft SQL Server\160\DTS\Binn\;C:\Program Files\Docker\Docker\resources\bin;D:\code\Git\cmd;C:\Users\NGUYENLONG\.local\bin;C:\Users\NGUYENLONG\AppData\Local\Microsoft\WindowsApps;D:\Microsoft VS Code\bin;C:\Program Files\Azure Data Studio\bin;C:\Program Files\Azure Data Studio\bin;D:\cursor\resources\app\bin;.]
20-May-2026 09:10:55.752 INFO [main] org.apache.coyote.AbstractProtocol.init Initializing ProtocolHandler ["http-nio-8888"]
20-May-2026 09:10:55.781 INFO [main] org.apache.catalina.startup.Catalina.load Server initialization in [394] milliseconds
20-May-2026 09:10:55.853 INFO [main] org.apache.catalina.core.StandardService.startInternal Starting service [Catalina]
20-May-2026 09:10:55.853 INFO [main] org.apache.catalina.core.StandardEngine.startInternal Starting Servlet engine: [Apache Tomcat/10.1.18]
20-May-2026 09:10:55.881 INFO [main] org.apache.catalina.startup.HostConfig.deployWAR Deploying web application archive [C:\Users\NGUYENLONG\Downloads\webPhim\apache-tomcat-10.1.18\webapps\webphim.war]
20-May-2026 09:10:56.278 INFO [main] org.apache.jasper.servlet.TldScanner.scanJars At least one JAR was scanned for TLDs yet contained no TLDs. Enable debug logging for this logger for a complete list of JARs that were scanned but no TLDs were found in them. Skipping unneeded JARs during scanning can improve startup time and JSP compilation time.
20-May-2026 09:10:56.355 INFO [main] org.apache.catalina.startup.HostConfig.deployWAR Deployment of web application archive [C:\Users\NGUYENLONG\Downloads\webPhim\apache-tomcat-10.1.18\webapps\webphim.war] has finished in [473] ms
20-May-2026 09:10:56.355 INFO [main] org.apache.catalina.startup.HostConfig.deployDirectory Deploying web application directory [C:\Users\NGUYENLONG\Downloads\webPhim\apache-tomcat-10.1.18\webapps\docs]
20-May-2026 09:10:56.392 INFO [main] org.apache.catalina.startup.HostConfig.deployDirectory Deployment of web application directory [C:\Users\NGUYENLONG\Downloads\webPhim\apache-tomcat-10.1.18\webapps\docs] has finished in [37] ms
20-May-2026 09:10:56.393 INFO [main] org.apache.catalina.startup.HostConfig.deployDirectory Deploying web application directory [C:\Users\NGUYENLONG\Downloads\webPhim\apache-tomcat-10.1.18\webapps\examples]
20-May-2026 09:10:56.736 INFO [main] org.apache.catalina.startup.HostConfig.deployDirectory Deployment of web application directory [C:\Users\NGUYENLONG\Downloads\webPhim\apache-tomcat-10.1.18\webapps\examples] has finished in [343] ms
20-May-2026 09:10:56.736 INFO [main] org.apache.catalina.startup.HostConfig.deployDirectory Deploying web application directory [C:\Users\NGUYENLONG\Downloads\webPhim\apache-tomcat-10.1.18\webapps\host-manager]
20-May-2026 09:10:56.771 INFO [main] org.apache.catalina.startup.HostConfig.deployDirectory Deployment of web application directory [C:\Users\NGUYENLONG\Downloads\webPhim\apache-tomcat-10.1.18\webapps\host-manager] has finished in [35] ms
20-May-2026 09:10:56.773 INFO [main] org.apache.catalina.startup.HostConfig.deployDirectory Deploying web application directory [C:\Users\NGUYENLONG\Downloads\webPhim\apache-tomcat-10.1.18\webapps\manager]
20-May-2026 09:10:56.806 INFO [main] org.apache.catalina.startup.HostConfig.deployDirectory Deployment of web application directory [C:\Users\NGUYENLONG\Downloads\webPhim\apache-tomcat-10.1.18\webapps\manager] has finished in [33] ms
20-May-2026 09:10:56.807 INFO [main] org.apache.catalina.startup.HostConfig.deployDirectory Deploying web application directory [C:\Users\NGUYENLONG\Downloads\webPhim\apache-tomcat-10.1.18\webapps\ROOT]
20-May-2026 09:10:56.833 INFO [main] org.apache.catalina.startup.HostConfig.deployDirectory Deployment of web application directory [C:\Users\NGUYENLONG\Downloads\webPhim\apache-tomcat-10.1.18\webapps\ROOT] has finished in [26] ms
20-May-2026 09:10:56.839 INFO [main] org.apache.coyote.AbstractProtocol.start Starting ProtocolHandler ["http-nio-8888"]
20-May-2026 09:10:56.884 INFO [main] org.apache.catalina.startup.Catalina.start Server startup in [1101] milliseconds
